exports[`Rendertests renders loginScreen when user not logged in 1`] = `
<div>
  <div
    className="box">
    <div
      className="login">
      <h2>
        CopperCrown - 0.1
      </h2>
      <hr />
      <p>
        Sign in to play the Game
      </p>
      <button
        className="btn btn-lg btn-primary btn-block"
        disabled={false}
        onClick={[Function]}
        type="button">
        Log In with Facebook
      </button>
      <button
        className="btn btn-lg btn-default btn-block"
        disabled={false}
        onClick={[Function]}
        type="button">
        Log In with Github
      </button>
      <button
        className="btn btn-lg btn-danger btn-block"
        disabled={false}
        onClick={[Function]}
        type="button">
        Log In with Google
      </button>
    </div>
  </div>
</div>
`;

exports[`Rendertests renders map when user logged in 1`] = `
<div>
  <CopperMap
    addRoof={[Function]}
    state={
      Object {
        "authed": true,
        "uid": 1,
        "userInfo": Object {
          "areaOfCopper": 0,
          "points": 0,
        },
      }
    } />
  <button
    onClick={[Function]}>
    Log Out!
  </button>
</div>
`;
