exports[`Render test renders a GameMap 1`] = `
<div>
  <div
    className="map">
    <div
      style={
        Object {
          "height": "100%",
        }
      }>
      <withGoogleMap(Component)
        center={
          Object {
            "lat": 59.334591,
            "lng": 18.06324,
          }
        }
        containerElement={
          <div
            style={
              Object {
                "height": "100%",
              }
            } />
        }
        content={null}
        mapElement={
          <div
            style={
              Object {
                "height": "100%",
              }
            } />
        }
        onMapClick={[Function]}
        radius={5} />
    </div>
  </div>
  <UserScore />
</div>
`;
